Archive member included because of file (symbol)

d:/tools/sdk/sdk_win_64/sdk_win_64/winavr/bin/../lib/gcc/avr/4.3.3/avr5\libgcc.a(_udivmodsi4.o)
                              ./CLCD.prog.o (__udivmodsi4)
d:/tools/sdk/sdk_win_64/sdk_win_64/winavr/bin/../lib/gcc/avr/4.3.3/avr5\libgcc.a(_divmodsi4.o)
                              ./CLCD.prog.o (__divmodsi4)
d:/tools/sdk/sdk_win_64/sdk_win_64/winavr/bin/../lib/gcc/avr/4.3.3/avr5\libgcc.a(_exit.o)
                              d:/tools/sdk/sdk_win_64/sdk_win_64/winavr/bin/../lib/gcc/avr/4.3.3/../../../../avr/lib/avr5/crtm32.o (exit)
d:/tools/sdk/sdk_win_64/sdk_win_64/winavr/bin/../lib/gcc/avr/4.3.3/avr5\libgcc.a(_copy_data.o)
                              ./CLCD.prog.o (__do_copy_data)
d:/tools/sdk/sdk_win_64/sdk_win_64/winavr/bin/../lib/gcc/avr/4.3.3/avr5\libgcc.a(_fixunssfsi.o)
                              ./CLCD.prog.o (__fixunssfsi)
d:/tools/sdk/sdk_win_64/sdk_win_64/winavr/bin/../lib/gcc/avr/4.3.3/avr5\libgcc.a(_addsub_sf.o)
                              d:/tools/sdk/sdk_win_64/sdk_win_64/winavr/bin/../lib/gcc/avr/4.3.3/avr5\libgcc.a(_fixunssfsi.o) (__subsf3)
d:/tools/sdk/sdk_win_64/sdk_win_64/winavr/bin/../lib/gcc/avr/4.3.3/avr5\libgcc.a(_mul_sf.o)
                              ./CLCD.prog.o (__mulsf3)
d:/tools/sdk/sdk_win_64/sdk_win_64/winavr/bin/../lib/gcc/avr/4.3.3/avr5\libgcc.a(_gt_sf.o)
                              ./CLCD.prog.o (__gtsf2)
d:/tools/sdk/sdk_win_64/sdk_win_64/winavr/bin/../lib/gcc/avr/4.3.3/avr5\libgcc.a(_ge_sf.o)
                              d:/tools/sdk/sdk_win_64/sdk_win_64/winavr/bin/../lib/gcc/avr/4.3.3/avr5\libgcc.a(_fixunssfsi.o) (__gesf2)
d:/tools/sdk/sdk_win_64/sdk_win_64/winavr/bin/../lib/gcc/avr/4.3.3/avr5\libgcc.a(_lt_sf.o)
                              ./CLCD.prog.o (__ltsf2)
d:/tools/sdk/sdk_win_64/sdk_win_64/winavr/bin/../lib/gcc/avr/4.3.3/avr5\libgcc.a(_sf_to_si.o)
                              d:/tools/sdk/sdk_win_64/sdk_win_64/winavr/bin/../lib/gcc/avr/4.3.3/avr5\libgcc.a(_fixunssfsi.o) (__fixsfsi)
d:/tools/sdk/sdk_win_64/sdk_win_64/winavr/bin/../lib/gcc/avr/4.3.3/avr5\libgcc.a(_thenan_sf.o)
                              d:/tools/sdk/sdk_win_64/sdk_win_64/winavr/bin/../lib/gcc/avr/4.3.3/avr5\libgcc.a(_addsub_sf.o) (__thenan_sf)
d:/tools/sdk/sdk_win_64/sdk_win_64/winavr/bin/../lib/gcc/avr/4.3.3/avr5\libgcc.a(_prologue.o)
                              d:/tools/sdk/sdk_win_64/sdk_win_64/winavr/bin/../lib/gcc/avr/4.3.3/avr5\libgcc.a(_addsub_sf.o) (__prologue_saves__)
d:/tools/sdk/sdk_win_64/sdk_win_64/winavr/bin/../lib/gcc/avr/4.3.3/avr5\libgcc.a(_epilogue.o)
                              d:/tools/sdk/sdk_win_64/sdk_win_64/winavr/bin/../lib/gcc/avr/4.3.3/avr5\libgcc.a(_addsub_sf.o) (__epilogue_restores__)
d:/tools/sdk/sdk_win_64/sdk_win_64/winavr/bin/../lib/gcc/avr/4.3.3/avr5\libgcc.a(_pack_sf.o)
                              d:/tools/sdk/sdk_win_64/sdk_win_64/winavr/bin/../lib/gcc/avr/4.3.3/avr5\libgcc.a(_addsub_sf.o) (__pack_f)
d:/tools/sdk/sdk_win_64/sdk_win_64/winavr/bin/../lib/gcc/avr/4.3.3/avr5\libgcc.a(_unpack_sf.o)
                              d:/tools/sdk/sdk_win_64/sdk_win_64/winavr/bin/../lib/gcc/avr/4.3.3/avr5\libgcc.a(_addsub_sf.o) (__unpack_f)
d:/tools/sdk/sdk_win_64/sdk_win_64/winavr/bin/../lib/gcc/avr/4.3.3/avr5\libgcc.a(_fpcmp_parts_sf.o)
                              d:/tools/sdk/sdk_win_64/sdk_win_64/winavr/bin/../lib/gcc/avr/4.3.3/avr5\libgcc.a(_gt_sf.o) (__fpcmp_parts_f)

Memory Configuration

Name             Origin             Length             Attributes
text             0x00000000         0x00020000         xr
data             0x00800060         0x0000ffa0         rw !x
eeprom           0x00810000         0x00010000         rw !x
fuse             0x00820000         0x00000400         rw !x
lock             0x00830000         0x00000400         rw !x
signature        0x00840000         0x00000400         rw !x
*default*        0x00000000         0xffffffff

Linker script and memory map

LOAD d:/tools/sdk/sdk_win_64/sdk_win_64/winavr/bin/../lib/gcc/avr/4.3.3/../../../../avr/lib/avr5/crtm32.o
LOAD ./CLCD.prog.o
LOAD ./DCMotor_prog.o
LOAD ./DIO_prog.o
LOAD ./DashBoard.o
LOAD ./KPD_prog.o
LOAD ./PORT_prog.o
LOAD ./StepperMotor_prog.o
LOAD ./main.o
LOAD d:/tools/sdk/sdk_win_64/sdk_win_64/winavr/bin/../lib/gcc/avr/4.3.3/avr5\libgcc.a
LOAD d:/tools/sdk/sdk_win_64/sdk_win_64/winavr/bin/../lib/gcc/avr/4.3.3/../../../../avr/lib/avr5\libc.a
LOAD d:/tools/sdk/sdk_win_64/sdk_win_64/winavr/bin/../lib/gcc/avr/4.3.3/avr5\libgcc.a

.hash
 *(.hash)

.dynsym
 *(.dynsym)

.dynstr
 *(.dynstr)

.gnu.version
 *(.gnu.version)

.gnu.version_d
 *(.gnu.version_d)

.gnu.version_r
 *(.gnu.version_r)

.rel.init
 *(.rel.init)

.rela.init
 *(.rela.init)

.rel.text
 *(.rel.text)
 *(.rel.text.*)
 *(.rel.gnu.linkonce.t*)

.rela.text
 *(.rela.text)
 *(.rela.text.*)
 *(.rela.gnu.linkonce.t*)

.rel.fini
 *(.rel.fini)

.rela.fini
 *(.rela.fini)

.rel.rodata
 *(.rel.rodata)
 *(.rel.rodata.*)
 *(.rel.gnu.linkonce.r*)

.rela.rodata
 *(.rela.rodata)
 *(.rela.rodata.*)
 *(.rela.gnu.linkonce.r*)

.rel.data
 *(.rel.data)
 *(.rel.data.*)
 *(.rel.gnu.linkonce.d*)

.rela.data
 *(.rela.data)
 *(.rela.data.*)
 *(.rela.gnu.linkonce.d*)

.rel.ctors
 *(.rel.ctors)

.rela.ctors
 *(.rela.ctors)

.rel.dtors
 *(.rel.dtors)

.rela.dtors
 *(.rela.dtors)

.rel.got
 *(.rel.got)

.rela.got
 *(.rela.got)

.rel.bss
 *(.rel.bss)

.rela.bss
 *(.rela.bss)

.rel.plt
 *(.rel.plt)

.rela.plt
 *(.rela.plt)

.text           0x00000000     0x57f0
 *(.vectors)
 .vectors       0x00000000       0x54 d:/tools/sdk/sdk_win_64/sdk_win_64/winavr/bin/../lib/gcc/avr/4.3.3/../../../../avr/lib/avr5/crtm32.o
                0x00000000                __vectors
                0x00000000                __vector_default
 *(.vectors)
 *(.progmem.gcc*)
 *(.progmem*)
                0x00000054                . = ALIGN (0x2)
                0x00000054                __trampolines_start = .
 *(.trampolines)
 .trampolines   0x00000054        0x0 linker stubs
 *(.trampolines*)
                0x00000054                __trampolines_end = .
 *(.jumptables)
 *(.jumptables*)
 *(.lowtext)
 *(.lowtext*)
                0x00000054                __ctors_start = .
 *(.ctors)
                0x00000054                __ctors_end = .
                0x00000054                __dtors_start = .
 *(.dtors)
                0x00000054                __dtors_end = .
 SORT(*)(.ctors)
 SORT(*)(.dtors)
 *(.init0)
 .init0         0x00000054        0x0 d:/tools/sdk/sdk_win_64/sdk_win_64/winavr/bin/../lib/gcc/avr/4.3.3/../../../../avr/lib/avr5/crtm32.o
                0x00000054                __init
 *(.init0)
 *(.init1)
 *(.init1)
 *(.init2)
 .init2         0x00000054        0xc d:/tools/sdk/sdk_win_64/sdk_win_64/winavr/bin/../lib/gcc/avr/4.3.3/../../../../avr/lib/avr5/crtm32.o
 *(.init2)
 *(.init3)
 *(.init3)
 *(.init4)
 .init4         0x00000060       0x16 d:/tools/sdk/sdk_win_64/sdk_win_64/winavr/bin/../lib/gcc/avr/4.3.3/avr5\libgcc.a(_copy_data.o)
                0x00000060                __do_copy_data
 *(.init4)
 *(.init5)
 *(.init5)
 *(.init6)
 *(.init6)
 *(.init7)
 *(.init7)
 *(.init8)
 *(.init8)
 *(.init9)
 .init9         0x00000076        0x8 d:/tools/sdk/sdk_win_64/sdk_win_64/winavr/bin/../lib/gcc/avr/4.3.3/../../../../avr/lib/avr5/crtm32.o
 *(.init9)
 *(.text)
 .text          0x0000007e        0x4 d:/tools/sdk/sdk_win_64/sdk_win_64/winavr/bin/../lib/gcc/avr/4.3.3/../../../../avr/lib/avr5/crtm32.o
                0x0000007e                __vector_1
                0x0000007e                __vector_12
                0x0000007e                __bad_interrupt
                0x0000007e                __vector_6
                0x0000007e                __vector_3
                0x0000007e                __vector_11
                0x0000007e                __vector_13
                0x0000007e                __vector_17
                0x0000007e                __vector_19
                0x0000007e                __vector_7
                0x0000007e                __vector_5
                0x0000007e                __vector_4
                0x0000007e                __vector_9
                0x0000007e                __vector_2
                0x0000007e                __vector_15
                0x0000007e                __vector_8
                0x0000007e                __vector_14
                0x0000007e                __vector_10
                0x0000007e                __vector_16
                0x0000007e                __vector_18
                0x0000007e                __vector_20
 .text          0x00000082        0x0 ./CLCD.prog.o
 .text          0x00000082        0x0 ./DCMotor_prog.o
 .text          0x00000082        0x0 ./DIO_prog.o
 .text          0x00000082        0x0 ./DashBoard.o
 .text          0x00000082        0x0 ./KPD_prog.o
 .text          0x00000082        0x0 ./PORT_prog.o
 .text          0x00000082        0x0 ./StepperMotor_prog.o
 .text          0x00000082        0x0 ./main.o
 .text          0x00000082        0x0 d:/tools/sdk/sdk_win_64/sdk_win_64/winavr/bin/../lib/gcc/avr/4.3.3/avr5\libgcc.a(_udivmodsi4.o)
 .text          0x00000082        0x0 d:/tools/sdk/sdk_win_64/sdk_win_64/winavr/bin/../lib/gcc/avr/4.3.3/avr5\libgcc.a(_divmodsi4.o)
 .text          0x00000082        0x0 d:/tools/sdk/sdk_win_64/sdk_win_64/winavr/bin/../lib/gcc/avr/4.3.3/avr5\libgcc.a(_exit.o)
 .text          0x00000082        0x0 d:/tools/sdk/sdk_win_64/sdk_win_64/winavr/bin/../lib/gcc/avr/4.3.3/avr5\libgcc.a(_copy_data.o)
 .text          0x00000082       0x58 d:/tools/sdk/sdk_win_64/sdk_win_64/winavr/bin/../lib/gcc/avr/4.3.3/avr5\libgcc.a(_fixunssfsi.o)
                0x00000082                __fixunssfsi
 .text          0x000000da      0x354 d:/tools/sdk/sdk_win_64/sdk_win_64/winavr/bin/../lib/gcc/avr/4.3.3/avr5\libgcc.a(_addsub_sf.o)
                0x00000372                __subsf3
                0x000003d4                __addsf3
 .text          0x0000042e      0x1f4 d:/tools/sdk/sdk_win_64/sdk_win_64/winavr/bin/../lib/gcc/avr/4.3.3/avr5\libgcc.a(_mul_sf.o)
                0x0000042e                __mulsf3
 .text          0x00000622       0x60 d:/tools/sdk/sdk_win_64/sdk_win_64/winavr/bin/../lib/gcc/avr/4.3.3/avr5\libgcc.a(_gt_sf.o)
                0x00000622                __gtsf2
 .text          0x00000682       0x60 d:/tools/sdk/sdk_win_64/sdk_win_64/winavr/bin/../lib/gcc/avr/4.3.3/avr5\libgcc.a(_ge_sf.o)
                0x00000682                __gesf2
 .text          0x000006e2       0x60 d:/tools/sdk/sdk_win_64/sdk_win_64/winavr/bin/../lib/gcc/avr/4.3.3/avr5\libgcc.a(_lt_sf.o)
                0x000006e2                __ltsf2
 .text          0x00000742       0xa8 d:/tools/sdk/sdk_win_64/sdk_win_64/winavr/bin/../lib/gcc/avr/4.3.3/avr5\libgcc.a(_sf_to_si.o)
                0x00000742                __fixsfsi
 .text          0x000007ea        0x0 d:/tools/sdk/sdk_win_64/sdk_win_64/winavr/bin/../lib/gcc/avr/4.3.3/avr5\libgcc.a(_thenan_sf.o)
 .text          0x000007ea        0x0 d:/tools/sdk/sdk_win_64/sdk_win_64/winavr/bin/../lib/gcc/avr/4.3.3/avr5\libgcc.a(_prologue.o)
 .text          0x000007ea        0x0 d:/tools/sdk/sdk_win_64/sdk_win_64/winavr/bin/../lib/gcc/avr/4.3.3/avr5\libgcc.a(_epilogue.o)
 .text          0x000007ea      0x1aa d:/tools/sdk/sdk_win_64/sdk_win_64/winavr/bin/../lib/gcc/avr/4.3.3/avr5\libgcc.a(_pack_sf.o)
                0x000007ea                __pack_f
 .text          0x00000994       0xf0 d:/tools/sdk/sdk_win_64/sdk_win_64/winavr/bin/../lib/gcc/avr/4.3.3/avr5\libgcc.a(_unpack_sf.o)
                0x00000994                __unpack_f
 .text          0x00000a84       0xb2 d:/tools/sdk/sdk_win_64/sdk_win_64/winavr/bin/../lib/gcc/avr/4.3.3/avr5\libgcc.a(_fpcmp_parts_sf.o)
                0x00000a84                __fpcmp_parts_f
                0x00000b36                . = ALIGN (0x2)
 *(.text.*)
 .text.voidSetHalfDataPort
                0x00000b36       0x60 ./CLCD.prog.o
 .text.voidSendEnablePulse
                0x00000b96      0x11e ./CLCD.prog.o
 .text.CLCD_voidSendCmd
                0x00000cb4       0x36 ./CLCD.prog.o
                0x00000cb4                CLCD_voidSendCmd
 .text.CLCD_voidSendData
                0x00000cea       0x36 ./CLCD.prog.o
                0x00000cea                CLCD_voidSendData
 .text.CLCD_VoidInit
                0x00000d20      0x134 ./CLCD.prog.o
                0x00000d20                CLCD_VoidInit
 .text.CLCD_u8SendString
                0x00000e54       0x66 ./CLCD.prog.o
                0x00000e54                CLCD_u8SendString
 .text.CLCD_voidSendNumber
                0x00000eba      0x118 ./CLCD.prog.o
                0x00000eba                CLCD_voidSendNumber
 .text.CLCD_VoidGoToXY
                0x00000fd2       0x40 ./CLCD.prog.o
                0x00000fd2                CLCD_VoidGoToXY
 .text.CLCD_u8SpecialCharacter
                0x00001012       0x98 ./CLCD.prog.o
                0x00001012                CLCD_u8SpecialCharacter
 .text.CLCD_voidClear
                0x000010aa       0x14 ./CLCD.prog.o
                0x000010aa                CLCD_voidClear
 .text.CLCD_voidHamoksha
                0x000010be     0x1cd6 ./CLCD.prog.o
                0x000010be                CLCD_voidHamoksha
 .text.CLCD_voidMyNameSin
                0x00002d94      0x3a8 ./CLCD.prog.o
                0x00002d94                CLCD_voidMyNameSin
 .text.DcMotor_CW
                0x0000313c       0x22 ./DCMotor_prog.o
                0x0000313c                DcMotor_CW
 .text.DcMotor_CCW
                0x0000315e       0x22 ./DCMotor_prog.o
                0x0000315e                DcMotor_CCW
 .text.DcMotor_Stop
                0x00003180       0x22 ./DCMotor_prog.o
                0x00003180                DcMotor_Stop
 .text.DIO_u8SetPinDirection
                0x000031a2      0x224 ./DIO_prog.o
                0x000031a2                DIO_u8SetPinDirection
 .text.DIO_u8SetPinValue
                0x000033c6      0x216 ./DIO_prog.o
                0x000033c6                DIO_u8SetPinValue
 .text.DIO_u8ReadPinValue
                0x000035dc      0x128 ./DIO_prog.o
                0x000035dc                DIO_u8ReadPinValue
 .text.DIO_u8SetPortDirection
                0x00003704       0x90 ./DIO_prog.o
                0x00003704                DIO_u8SetPortDirection
 .text.DIO_u8SetPortValue
                0x00003794       0x90 ./DIO_prog.o
                0x00003794                DIO_u8SetPortValue
 .text.DIO_u8Toggle
                0x00003824      0x116 ./DIO_prog.o
                0x00003824                DIO_u8Toggle
 .text.Scan_u8Option
                0x0000393a       0x3a ./DashBoard.o
                0x0000393a                Scan_u8Option
 .text.void_HamokshaF
                0x00003974      0x2b0 ./DashBoard.o
                0x00003974                void_HamokshaF
 .text.void_HamokshaB
                0x00003c24      0x2b2 ./DashBoard.o
                0x00003c24                void_HamokshaB
 .text.KPD_u8GetPressedKey
                0x00003ed6      0x16c ./KPD_prog.o
                0x00003ed6                KPD_u8GetPressedKey
 .text.PORT_voidInit
                0x00004042       0x4c ./PORT_prog.o
                0x00004042                PORT_voidInit
 .text.STEP_u8Rotate
                0x0000408e      0xf62 ./StepperMotor_prog.o
                0x0000408e                STEP_u8Rotate
 .text.main     0x00004ff0      0x714 ./main.o
                0x00004ff0                main
 .text.libgcc   0x00005704       0x44 d:/tools/sdk/sdk_win_64/sdk_win_64/winavr/bin/../lib/gcc/avr/4.3.3/avr5\libgcc.a(_udivmodsi4.o)
                0x00005704                __udivmodsi4
 .text.libgcc   0x00005748       0x36 d:/tools/sdk/sdk_win_64/sdk_win_64/winavr/bin/../lib/gcc/avr/4.3.3/avr5\libgcc.a(_divmodsi4.o)
                0x00005748                __divmodsi4
 .text.libgcc   0x0000577e        0x0 d:/tools/sdk/sdk_win_64/sdk_win_64/winavr/bin/../lib/gcc/avr/4.3.3/avr5\libgcc.a(_exit.o)
 .text.libgcc   0x0000577e        0x0 d:/tools/sdk/sdk_win_64/sdk_win_64/winavr/bin/../lib/gcc/avr/4.3.3/avr5\libgcc.a(_copy_data.o)
 .text.libgcc   0x0000577e       0x38 d:/tools/sdk/sdk_win_64/sdk_win_64/winavr/bin/../lib/gcc/avr/4.3.3/avr5\libgcc.a(_prologue.o)
                0x0000577e                __prologue_saves__
 .text.libgcc   0x000057b6       0x36 d:/tools/sdk/sdk_win_64/sdk_win_64/winavr/bin/../lib/gcc/avr/4.3.3/avr5\libgcc.a(_epilogue.o)
                0x000057b6                __epilogue_restores__
                0x000057ec                . = ALIGN (0x2)
 *(.fini9)
 .fini9         0x000057ec        0x0 d:/tools/sdk/sdk_win_64/sdk_win_64/winavr/bin/../lib/gcc/avr/4.3.3/avr5\libgcc.a(_exit.o)
                0x000057ec                exit
                0x000057ec                _exit
 *(.fini9)
 *(.fini8)
 *(.fini8)
 *(.fini7)
 *(.fini7)
 *(.fini6)
 *(.fini6)
 *(.fini5)
 *(.fini5)
 *(.fini4)
 *(.fini4)
 *(.fini3)
 *(.fini3)
 *(.fini2)
 *(.fini2)
 *(.fini1)
 *(.fini1)
 *(.fini0)
 .fini0         0x000057ec        0x4 d:/tools/sdk/sdk_win_64/sdk_win_64/winavr/bin/../lib/gcc/avr/4.3.3/avr5\libgcc.a(_exit.o)
 *(.fini0)
                0x000057f0                _etext = .

.data           0x00800060      0x14a load address 0x000057f0
                0x00800060                PROVIDE (__data_start, .)
 *(.data)
 .data          0x00800060        0x0 d:/tools/sdk/sdk_win_64/sdk_win_64/winavr/bin/../lib/gcc/avr/4.3.3/../../../../avr/lib/avr5/crtm32.o
 .data          0x00800060       0x47 ./CLCD.prog.o
 .data          0x008000a7        0x0 ./DCMotor_prog.o
 .data          0x008000a7        0x0 ./DIO_prog.o
 .data          0x008000a7        0x0 ./DashBoard.o
 .data          0x008000a7        0x0 ./KPD_prog.o
 .data          0x008000a7        0x0 ./PORT_prog.o
 .data          0x008000a7        0x0 ./StepperMotor_prog.o
 .data          0x008000a7       0x4d ./main.o
 .data          0x008000f4        0x0 d:/tools/sdk/sdk_win_64/sdk_win_64/winavr/bin/../lib/gcc/avr/4.3.3/avr5\libgcc.a(_udivmodsi4.o)
 .data          0x008000f4        0x0 d:/tools/sdk/sdk_win_64/sdk_win_64/winavr/bin/../lib/gcc/avr/4.3.3/avr5\libgcc.a(_divmodsi4.o)
 .data          0x008000f4        0x0 d:/tools/sdk/sdk_win_64/sdk_win_64/winavr/bin/../lib/gcc/avr/4.3.3/avr5\libgcc.a(_exit.o)
 .data          0x008000f4        0x0 d:/tools/sdk/sdk_win_64/sdk_win_64/winavr/bin/../lib/gcc/avr/4.3.3/avr5\libgcc.a(_copy_data.o)
 .data          0x008000f4        0x0 d:/tools/sdk/sdk_win_64/sdk_win_64/winavr/bin/../lib/gcc/avr/4.3.3/avr5\libgcc.a(_fixunssfsi.o)
 .data          0x008000f4        0x0 d:/tools/sdk/sdk_win_64/sdk_win_64/winavr/bin/../lib/gcc/avr/4.3.3/avr5\libgcc.a(_addsub_sf.o)
 .data          0x008000f4        0x0 d:/tools/sdk/sdk_win_64/sdk_win_64/winavr/bin/../lib/gcc/avr/4.3.3/avr5\libgcc.a(_mul_sf.o)
 .data          0x008000f4        0x0 d:/tools/sdk/sdk_win_64/sdk_win_64/winavr/bin/../lib/gcc/avr/4.3.3/avr5\libgcc.a(_gt_sf.o)
 .data          0x008000f4        0x0 d:/tools/sdk/sdk_win_64/sdk_win_64/winavr/bin/../lib/gcc/avr/4.3.3/avr5\libgcc.a(_ge_sf.o)
 .data          0x008000f4        0x0 d:/tools/sdk/sdk_win_64/sdk_win_64/winavr/bin/../lib/gcc/avr/4.3.3/avr5\libgcc.a(_lt_sf.o)
 .data          0x008000f4        0x0 d:/tools/sdk/sdk_win_64/sdk_win_64/winavr/bin/../lib/gcc/avr/4.3.3/avr5\libgcc.a(_sf_to_si.o)
 .data          0x008000f4        0x8 d:/tools/sdk/sdk_win_64/sdk_win_64/winavr/bin/../lib/gcc/avr/4.3.3/avr5\libgcc.a(_thenan_sf.o)
                0x008000f4                __thenan_sf
 .data          0x008000fc        0x0 d:/tools/sdk/sdk_win_64/sdk_win_64/winavr/bin/../lib/gcc/avr/4.3.3/avr5\libgcc.a(_prologue.o)
 .data          0x008000fc        0x0 d:/tools/sdk/sdk_win_64/sdk_win_64/winavr/bin/../lib/gcc/avr/4.3.3/avr5\libgcc.a(_epilogue.o)
 .data          0x008000fc        0x0 d:/tools/sdk/sdk_win_64/sdk_win_64/winavr/bin/../lib/gcc/avr/4.3.3/avr5\libgcc.a(_pack_sf.o)
 .data          0x008000fc        0x0 d:/tools/sdk/sdk_win_64/sdk_win_64/winavr/bin/../lib/gcc/avr/4.3.3/avr5\libgcc.a(_unpack_sf.o)
 .data          0x008000fc        0x0 d:/tools/sdk/sdk_win_64/sdk_win_64/winavr/bin/../lib/gcc/avr/4.3.3/avr5\libgcc.a(_fpcmp_parts_sf.o)
 *(.data*)
 .data.Local_StepperMotor
                0x008000fc        0x5 ./main.o
                0x008000fc                Local_StepperMotor
 *(.rodata)
 *(.rodata*)
 .rodata.C.11.1459
                0x00800101        0x8 ./CLCD.prog.o
 .rodata.C.10.1458
                0x00800109        0x8 ./CLCD.prog.o
 .rodata.C.9.1457
                0x00800111        0x8 ./CLCD.prog.o
 .rodata.C.8.1456
                0x00800119        0x8 ./CLCD.prog.o
 .rodata.C.7.1455
                0x00800121        0x8 ./CLCD.prog.o
 .rodata.C.6.1454
                0x00800129        0x8 ./CLCD.prog.o
 .rodata.C.5.1453
                0x00800131        0x8 ./CLCD.prog.o
 .rodata.C.4.1452
                0x00800139        0x8 ./CLCD.prog.o
 .rodata.C.3.1451
                0x00800141        0x8 ./CLCD.prog.o
 .rodata.C.2.1450
                0x00800149        0x8 ./CLCD.prog.o
 .rodata.C.18.1606
                0x00800151        0x8 ./CLCD.prog.o
 .rodata.C.17.1605
                0x00800159        0x8 ./CLCD.prog.o
 .rodata.C.16.1604
                0x00800161        0x8 ./CLCD.prog.o
 .rodata.C.15.1603
                0x00800169        0x8 ./CLCD.prog.o
 .rodata.C.14.1602
                0x00800171        0x8 ./CLCD.prog.o
 .rodata.C.2.1308
                0x00800179        0x8 ./DashBoard.o
 .rodata.C.1.1307
                0x00800181        0x8 ./DashBoard.o
 .rodata.C.5.1340
                0x00800189        0x8 ./DashBoard.o
 .rodata.C.4.1339
                0x00800191        0x8 ./DashBoard.o
 .rodata.C.0.1229
                0x00800199       0x10 ./KPD_prog.o
 *(.gnu.linkonce.d*)
                0x008001aa                . = ALIGN (0x2)
 *fill*         0x008001a9        0x1 00
                0x008001aa                _edata = .
                0x008001aa                PROVIDE (__data_end, .)

.bss            0x008001aa        0x0
                0x008001aa                PROVIDE (__bss_start, .)
 *(.bss)
 .bss           0x008001aa        0x0 d:/tools/sdk/sdk_win_64/sdk_win_64/winavr/bin/../lib/gcc/avr/4.3.3/../../../../avr/lib/avr5/crtm32.o
 .bss           0x008001aa        0x0 ./CLCD.prog.o
 .bss           0x008001aa        0x0 ./DCMotor_prog.o
 .bss           0x008001aa        0x0 ./DIO_prog.o
 .bss           0x008001aa        0x0 ./DashBoard.o
 .bss           0x008001aa        0x0 ./KPD_prog.o
 .bss           0x008001aa        0x0 ./PORT_prog.o
 .bss           0x008001aa        0x0 ./StepperMotor_prog.o
 .bss           0x008001aa        0x0 ./main.o
 .bss           0x008001aa        0x0 d:/tools/sdk/sdk_win_64/sdk_win_64/winavr/bin/../lib/gcc/avr/4.3.3/avr5\libgcc.a(_udivmodsi4.o)
 .bss           0x008001aa        0x0 d:/tools/sdk/sdk_win_64/sdk_win_64/winavr/bin/../lib/gcc/avr/4.3.3/avr5\libgcc.a(_divmodsi4.o)
 .bss           0x008001aa        0x0 d:/tools/sdk/sdk_win_64/sdk_win_64/winavr/bin/../lib/gcc/avr/4.3.3/avr5\libgcc.a(_exit.o)
 .bss           0x008001aa        0x0 d:/tools/sdk/sdk_win_64/sdk_win_64/winavr/bin/../lib/gcc/avr/4.3.3/avr5\libgcc.a(_copy_data.o)
 .bss           0x008001aa        0x0 d:/tools/sdk/sdk_win_64/sdk_win_64/winavr/bin/../lib/gcc/avr/4.3.3/avr5\libgcc.a(_fixunssfsi.o)
 .bss           0x008001aa        0x0 d:/tools/sdk/sdk_win_64/sdk_win_64/winavr/bin/../lib/gcc/avr/4.3.3/avr5\libgcc.a(_addsub_sf.o)
 .bss           0x008001aa        0x0 d:/tools/sdk/sdk_win_64/sdk_win_64/winavr/bin/../lib/gcc/avr/4.3.3/avr5\libgcc.a(_mul_sf.o)
 .bss           0x008001aa        0x0 d:/tools/sdk/sdk_win_64/sdk_win_64/winavr/bin/../lib/gcc/avr/4.3.3/avr5\libgcc.a(_gt_sf.o)
 .bss           0x008001aa        0x0 d:/tools/sdk/sdk_win_64/sdk_win_64/winavr/bin/../lib/gcc/avr/4.3.3/avr5\libgcc.a(_ge_sf.o)
 .bss           0x008001aa        0x0 d:/tools/sdk/sdk_win_64/sdk_win_64/winavr/bin/../lib/gcc/avr/4.3.3/avr5\libgcc.a(_lt_sf.o)
 .bss           0x008001aa        0x0 d:/tools/sdk/sdk_win_64/sdk_win_64/winavr/bin/../lib/gcc/avr/4.3.3/avr5\libgcc.a(_sf_to_si.o)
 .bss           0x008001aa        0x0 d:/tools/sdk/sdk_win_64/sdk_win_64/winavr/bin/../lib/gcc/avr/4.3.3/avr5\libgcc.a(_thenan_sf.o)
 .bss           0x008001aa        0x0 d:/tools/sdk/sdk_win_64/sdk_win_64/winavr/bin/../lib/gcc/avr/4.3.3/avr5\libgcc.a(_prologue.o)
 .bss           0x008001aa        0x0 d:/tools/sdk/sdk_win_64/sdk_win_64/winavr/bin/../lib/gcc/avr/4.3.3/avr5\libgcc.a(_epilogue.o)
 .bss           0x008001aa        0x0 d:/tools/sdk/sdk_win_64/sdk_win_64/winavr/bin/../lib/gcc/avr/4.3.3/avr5\libgcc.a(_pack_sf.o)
 .bss           0x008001aa        0x0 d:/tools/sdk/sdk_win_64/sdk_win_64/winavr/bin/../lib/gcc/avr/4.3.3/avr5\libgcc.a(_unpack_sf.o)
 .bss           0x008001aa        0x0 d:/tools/sdk/sdk_win_64/sdk_win_64/winavr/bin/../lib/gcc/avr/4.3.3/avr5\libgcc.a(_fpcmp_parts_sf.o)
 *(.bss*)
 *(COMMON)
                0x008001aa                PROVIDE (__bss_end, .)
                0x000057f0                __data_load_start = LOADADDR (.data)
                0x0000593a                __data_load_end = (__data_load_start + SIZEOF (.data))

.noinit         0x008001aa        0x0
                0x008001aa                PROVIDE (__noinit_start, .)
 *(.noinit*)
                0x008001aa                PROVIDE (__noinit_end, .)
                0x008001aa                _end = .
                0x008001aa                PROVIDE (__heap_start, .)

.eeprom         0x00810000        0x0
 *(.eeprom*)
                0x00810000                __eeprom_end = .

.fuse
 *(.fuse)
 *(.lfuse)
 *(.hfuse)
 *(.efuse)

.lock
 *(.lock*)

.signature
 *(.signature*)

.stab           0x00000000     0x3f00
 *(.stab)
 .stab          0x00000000     0x1b30 ./CLCD.prog.o
 .stab          0x00001b30      0x198 ./DCMotor_prog.o
                                0x21c (size before relaxing)
 .stab          0x00001cc8      0x6f0 ./DIO_prog.o
                                0x774 (size before relaxing)
 .stab          0x000023b8      0x5d0 ./DashBoard.o
                                0x7e0 (size before relaxing)
 .stab          0x00002988      0x240 ./KPD_prog.o
                                0x2c4 (size before relaxing)
 .stab          0x00002bc8      0x168 ./PORT_prog.o
                                0x1ec (size before relaxing)
 .stab          0x00002d30      0xa08 ./StepperMotor_prog.o
                                0xc18 (size before relaxing)
 .stab          0x00003738      0x7c8 ./main.o
                                0x9f0 (size before relaxing)

.stabstr        0x00000000     0x1134
 *(.stabstr)
 .stabstr       0x00000000     0x1134 ./CLCD.prog.o

.stab.excl
 *(.stab.excl)

.stab.exclstr
 *(.stab.exclstr)

.stab.index
 *(.stab.index)

.stab.indexstr
 *(.stab.indexstr)

.comment
 *(.comment)

.debug
 *(.debug)

.line
 *(.line)

.debug_srcinfo
 *(.debug_srcinfo)

.debug_sfnames
 *(.debug_sfnames)

.debug_aranges  0x00000000      0x140
 *(.debug_aranges)
 .debug_aranges
                0x00000000       0x20 d:/tools/sdk/sdk_win_64/sdk_win_64/winavr/bin/../lib/gcc/avr/4.3.3/avr5\libgcc.a(_fixunssfsi.o)
 .debug_aranges
                0x00000020       0x20 d:/tools/sdk/sdk_win_64/sdk_win_64/winavr/bin/../lib/gcc/avr/4.3.3/avr5\libgcc.a(_addsub_sf.o)
 .debug_aranges
                0x00000040       0x20 d:/tools/sdk/sdk_win_64/sdk_win_64/winavr/bin/../lib/gcc/avr/4.3.3/avr5\libgcc.a(_mul_sf.o)
 .debug_aranges
                0x00000060       0x20 d:/tools/sdk/sdk_win_64/sdk_win_64/winavr/bin/../lib/gcc/avr/4.3.3/avr5\libgcc.a(_gt_sf.o)
 .debug_aranges
                0x00000080       0x20 d:/tools/sdk/sdk_win_64/sdk_win_64/winavr/bin/../lib/gcc/avr/4.3.3/avr5\libgcc.a(_ge_sf.o)
 .debug_aranges
                0x000000a0       0x20 d:/tools/sdk/sdk_win_64/sdk_win_64/winavr/bin/../lib/gcc/avr/4.3.3/avr5\libgcc.a(_lt_sf.o)
 .debug_aranges
                0x000000c0       0x20 d:/tools/sdk/sdk_win_64/sdk_win_64/winavr/bin/../lib/gcc/avr/4.3.3/avr5\libgcc.a(_sf_to_si.o)
 .debug_aranges
                0x000000e0       0x20 d:/tools/sdk/sdk_win_64/sdk_win_64/winavr/bin/../lib/gcc/avr/4.3.3/avr5\libgcc.a(_pack_sf.o)
 .debug_aranges
                0x00000100       0x20 d:/tools/sdk/sdk_win_64/sdk_win_64/winavr/bin/../lib/gcc/avr/4.3.3/avr5\libgcc.a(_unpack_sf.o)
 .debug_aranges
                0x00000120       0x20 d:/tools/sdk/sdk_win_64/sdk_win_64/winavr/bin/../lib/gcc/avr/4.3.3/avr5\libgcc.a(_fpcmp_parts_sf.o)

.debug_pubnames
                0x00000000      0x170
 *(.debug_pubnames)
 .debug_pubnames
                0x00000000       0x23 d:/tools/sdk/sdk_win_64/sdk_win_64/winavr/bin/../lib/gcc/avr/4.3.3/avr5\libgcc.a(_fixunssfsi.o)
 .debug_pubnames
                0x00000023       0x2c d:/tools/sdk/sdk_win_64/sdk_win_64/winavr/bin/../lib/gcc/avr/4.3.3/avr5\libgcc.a(_addsub_sf.o)
 .debug_pubnames
                0x0000004f       0x1f d:/tools/sdk/sdk_win_64/sdk_win_64/winavr/bin/../lib/gcc/avr/4.3.3/avr5\libgcc.a(_mul_sf.o)
 .debug_pubnames
                0x0000006e       0x1e d:/tools/sdk/sdk_win_64/sdk_win_64/winavr/bin/../lib/gcc/avr/4.3.3/avr5\libgcc.a(_gt_sf.o)
 .debug_pubnames
                0x0000008c       0x1e d:/tools/sdk/sdk_win_64/sdk_win_64/winavr/bin/../lib/gcc/avr/4.3.3/avr5\libgcc.a(_ge_sf.o)
 .debug_pubnames
                0x000000aa       0x1e d:/tools/sdk/sdk_win_64/sdk_win_64/winavr/bin/../lib/gcc/avr/4.3.3/avr5\libgcc.a(_lt_sf.o)
 .debug_pubnames
                0x000000c8       0x20 d:/tools/sdk/sdk_win_64/sdk_win_64/winavr/bin/../lib/gcc/avr/4.3.3/avr5\libgcc.a(_sf_to_si.o)
 .debug_pubnames
                0x000000e8       0x22 d:/tools/sdk/sdk_win_64/sdk_win_64/winavr/bin/../lib/gcc/avr/4.3.3/avr5\libgcc.a(_thenan_sf.o)
 .debug_pubnames
                0x0000010a       0x1f d:/tools/sdk/sdk_win_64/sdk_win_64/winavr/bin/../lib/gcc/avr/4.3.3/avr5\libgcc.a(_pack_sf.o)
 .debug_pubnames
                0x00000129       0x21 d:/tools/sdk/sdk_win_64/sdk_win_64/winavr/bin/../lib/gcc/avr/4.3.3/avr5\libgcc.a(_unpack_sf.o)
 .debug_pubnames
                0x0000014a       0x26 d:/tools/sdk/sdk_win_64/sdk_win_64/winavr/bin/../lib/gcc/avr/4.3.3/avr5\libgcc.a(_fpcmp_parts_sf.o)

.debug_info     0x00000000     0x1c49
 *(.debug_info)
 .debug_info    0x00000000       0xb1 d:/tools/sdk/sdk_win_64/sdk_win_64/winavr/bin/../lib/gcc/avr/4.3.3/avr5\libgcc.a(_fixunssfsi.o)
 .debug_info    0x000000b1      0x47a d:/tools/sdk/sdk_win_64/sdk_win_64/winavr/bin/../lib/gcc/avr/4.3.3/avr5\libgcc.a(_addsub_sf.o)
 .debug_info    0x0000052b      0x485 d:/tools/sdk/sdk_win_64/sdk_win_64/winavr/bin/../lib/gcc/avr/4.3.3/avr5\libgcc.a(_mul_sf.o)
 .debug_info    0x000009b0      0x27f d:/tools/sdk/sdk_win_64/sdk_win_64/winavr/bin/../lib/gcc/avr/4.3.3/avr5\libgcc.a(_gt_sf.o)
 .debug_info    0x00000c2f      0x27f d:/tools/sdk/sdk_win_64/sdk_win_64/winavr/bin/../lib/gcc/avr/4.3.3/avr5\libgcc.a(_ge_sf.o)
 .debug_info    0x00000eae      0x27f d:/tools/sdk/sdk_win_64/sdk_win_64/winavr/bin/../lib/gcc/avr/4.3.3/avr5\libgcc.a(_lt_sf.o)
 .debug_info    0x0000112d      0x2b0 d:/tools/sdk/sdk_win_64/sdk_win_64/winavr/bin/../lib/gcc/avr/4.3.3/avr5\libgcc.a(_sf_to_si.o)
 .debug_info    0x000013dd      0x12c d:/tools/sdk/sdk_win_64/sdk_win_64/winavr/bin/../lib/gcc/avr/4.3.3/avr5\libgcc.a(_thenan_sf.o)
 .debug_info    0x00001509      0x2df d:/tools/sdk/sdk_win_64/sdk_win_64/winavr/bin/../lib/gcc/avr/4.3.3/avr5\libgcc.a(_pack_sf.o)
 .debug_info    0x000017e8      0x251 d:/tools/sdk/sdk_win_64/sdk_win_64/winavr/bin/../lib/gcc/avr/4.3.3/avr5\libgcc.a(_unpack_sf.o)
 .debug_info    0x00001a39      0x210 d:/tools/sdk/sdk_win_64/sdk_win_64/winavr/bin/../lib/gcc/avr/4.3.3/avr5\libgcc.a(_fpcmp_parts_sf.o)
 *(.gnu.linkonce.wi.*)

.debug_abbrev   0x00000000      0xeeb
 *(.debug_abbrev)
 .debug_abbrev  0x00000000       0x5d d:/tools/sdk/sdk_win_64/sdk_win_64/winavr/bin/../lib/gcc/avr/4.3.3/avr5\libgcc.a(_fixunssfsi.o)
 .debug_abbrev  0x0000005d      0x1ea d:/tools/sdk/sdk_win_64/sdk_win_64/winavr/bin/../lib/gcc/avr/4.3.3/avr5\libgcc.a(_addsub_sf.o)
 .debug_abbrev  0x00000247      0x21b d:/tools/sdk/sdk_win_64/sdk_win_64/winavr/bin/../lib/gcc/avr/4.3.3/avr5\libgcc.a(_mul_sf.o)
 .debug_abbrev  0x00000462      0x15a d:/tools/sdk/sdk_win_64/sdk_win_64/winavr/bin/../lib/gcc/avr/4.3.3/avr5\libgcc.a(_gt_sf.o)
 .debug_abbrev  0x000005bc      0x15a d:/tools/sdk/sdk_win_64/sdk_win_64/winavr/bin/../lib/gcc/avr/4.3.3/avr5\libgcc.a(_ge_sf.o)
 .debug_abbrev  0x00000716      0x15a d:/tools/sdk/sdk_win_64/sdk_win_64/winavr/bin/../lib/gcc/avr/4.3.3/avr5\libgcc.a(_lt_sf.o)
 .debug_abbrev  0x00000870      0x17f d:/tools/sdk/sdk_win_64/sdk_win_64/winavr/bin/../lib/gcc/avr/4.3.3/avr5\libgcc.a(_sf_to_si.o)
 .debug_abbrev  0x000009ef       0xad d:/tools/sdk/sdk_win_64/sdk_win_64/winavr/bin/../lib/gcc/avr/4.3.3/avr5\libgcc.a(_thenan_sf.o)
 .debug_abbrev  0x00000a9c      0x1c0 d:/tools/sdk/sdk_win_64/sdk_win_64/winavr/bin/../lib/gcc/avr/4.3.3/avr5\libgcc.a(_pack_sf.o)
 .debug_abbrev  0x00000c5c      0x154 d:/tools/sdk/sdk_win_64/sdk_win_64/winavr/bin/../lib/gcc/avr/4.3.3/avr5\libgcc.a(_unpack_sf.o)
 .debug_abbrev  0x00000db0      0x13b d:/tools/sdk/sdk_win_64/sdk_win_64/winavr/bin/../lib/gcc/avr/4.3.3/avr5\libgcc.a(_fpcmp_parts_sf.o)

.debug_line     0x00000000      0xdad
 *(.debug_line)
 .debug_line    0x00000000       0xa7 d:/tools/sdk/sdk_win_64/sdk_win_64/winavr/bin/../lib/gcc/avr/4.3.3/avr5\libgcc.a(_fixunssfsi.o)
 .debug_line    0x000000a7      0x2af d:/tools/sdk/sdk_win_64/sdk_win_64/winavr/bin/../lib/gcc/avr/4.3.3/avr5\libgcc.a(_addsub_sf.o)
 .debug_line    0x00000356      0x239 d:/tools/sdk/sdk_win_64/sdk_win_64/winavr/bin/../lib/gcc/avr/4.3.3/avr5\libgcc.a(_mul_sf.o)
 .debug_line    0x0000058f       0xd3 d:/tools/sdk/sdk_win_64/sdk_win_64/winavr/bin/../lib/gcc/avr/4.3.3/avr5\libgcc.a(_gt_sf.o)
 .debug_line    0x00000662       0xd3 d:/tools/sdk/sdk_win_64/sdk_win_64/winavr/bin/../lib/gcc/avr/4.3.3/avr5\libgcc.a(_ge_sf.o)
 .debug_line    0x00000735       0xd3 d:/tools/sdk/sdk_win_64/sdk_win_64/winavr/bin/../lib/gcc/avr/4.3.3/avr5\libgcc.a(_lt_sf.o)
 .debug_line    0x00000808      0x109 d:/tools/sdk/sdk_win_64/sdk_win_64/winavr/bin/../lib/gcc/avr/4.3.3/avr5\libgcc.a(_sf_to_si.o)
 .debug_line    0x00000911       0x90 d:/tools/sdk/sdk_win_64/sdk_win_64/winavr/bin/../lib/gcc/avr/4.3.3/avr5\libgcc.a(_thenan_sf.o)
 .debug_line    0x000009a1      0x18a d:/tools/sdk/sdk_win_64/sdk_win_64/winavr/bin/../lib/gcc/avr/4.3.3/avr5\libgcc.a(_pack_sf.o)
 .debug_line    0x00000b2b      0x14b d:/tools/sdk/sdk_win_64/sdk_win_64/winavr/bin/../lib/gcc/avr/4.3.3/avr5\libgcc.a(_unpack_sf.o)
 .debug_line    0x00000c76      0x137 d:/tools/sdk/sdk_win_64/sdk_win_64/winavr/bin/../lib/gcc/avr/4.3.3/avr5\libgcc.a(_fpcmp_parts_sf.o)

.debug_frame    0x00000000      0x160
 *(.debug_frame)
 .debug_frame   0x00000000       0x20 d:/tools/sdk/sdk_win_64/sdk_win_64/winavr/bin/../lib/gcc/avr/4.3.3/avr5\libgcc.a(_fixunssfsi.o)
 .debug_frame   0x00000020       0x40 d:/tools/sdk/sdk_win_64/sdk_win_64/winavr/bin/../lib/gcc/avr/4.3.3/avr5\libgcc.a(_addsub_sf.o)
 .debug_frame   0x00000060       0x20 d:/tools/sdk/sdk_win_64/sdk_win_64/winavr/bin/../lib/gcc/avr/4.3.3/avr5\libgcc.a(_mul_sf.o)
 .debug_frame   0x00000080       0x20 d:/tools/sdk/sdk_win_64/sdk_win_64/winavr/bin/../lib/gcc/avr/4.3.3/avr5\libgcc.a(_gt_sf.o)
 .debug_frame   0x000000a0       0x20 d:/tools/sdk/sdk_win_64/sdk_win_64/winavr/bin/../lib/gcc/avr/4.3.3/avr5\libgcc.a(_ge_sf.o)
 .debug_frame   0x000000c0       0x20 d:/tools/sdk/sdk_win_64/sdk_win_64/winavr/bin/../lib/gcc/avr/4.3.3/avr5\libgcc.a(_lt_sf.o)
 .debug_frame   0x000000e0       0x20 d:/tools/sdk/sdk_win_64/sdk_win_64/winavr/bin/../lib/gcc/avr/4.3.3/avr5\libgcc.a(_sf_to_si.o)
 .debug_frame   0x00000100       0x20 d:/tools/sdk/sdk_win_64/sdk_win_64/winavr/bin/../lib/gcc/avr/4.3.3/avr5\libgcc.a(_pack_sf.o)
 .debug_frame   0x00000120       0x20 d:/tools/sdk/sdk_win_64/sdk_win_64/winavr/bin/../lib/gcc/avr/4.3.3/avr5\libgcc.a(_unpack_sf.o)
 .debug_frame   0x00000140       0x20 d:/tools/sdk/sdk_win_64/sdk_win_64/winavr/bin/../lib/gcc/avr/4.3.3/avr5\libgcc.a(_fpcmp_parts_sf.o)

.debug_str      0x00000000      0x28d
 *(.debug_str)
 .debug_str     0x00000000       0xbf d:/tools/sdk/sdk_win_64/sdk_win_64/winavr/bin/../lib/gcc/avr/4.3.3/avr5\libgcc.a(_fixunssfsi.o)
                                 0xfe (size before relaxing)
 .debug_str     0x000000bf      0x14d d:/tools/sdk/sdk_win_64/sdk_win_64/winavr/bin/../lib/gcc/avr/4.3.3/avr5\libgcc.a(_addsub_sf.o)
                                0x206 (size before relaxing)
 .debug_str     0x0000020c       0x27 d:/tools/sdk/sdk_win_64/sdk_win_64/winavr/bin/../lib/gcc/avr/4.3.3/avr5\libgcc.a(_mul_sf.o)
                                0x1bf (size before relaxing)
 .debug_str     0x00000233        0xf d:/tools/sdk/sdk_win_64/sdk_win_64/winavr/bin/../lib/gcc/avr/4.3.3/avr5\libgcc.a(_gt_sf.o)
                                0x195 (size before relaxing)
 .debug_str     0x00000242        0x8 d:/tools/sdk/sdk_win_64/sdk_win_64/winavr/bin/../lib/gcc/avr/4.3.3/avr5\libgcc.a(_ge_sf.o)
                                0x195 (size before relaxing)
 .debug_str     0x0000024a        0x8 d:/tools/sdk/sdk_win_64/sdk_win_64/winavr/bin/../lib/gcc/avr/4.3.3/avr5\libgcc.a(_lt_sf.o)
                                0x195 (size before relaxing)
 .debug_str     0x00000252        0xa d:/tools/sdk/sdk_win_64/sdk_win_64/winavr/bin/../lib/gcc/avr/4.3.3/avr5\libgcc.a(_sf_to_si.o)
                                0x19e (size before relaxing)
 .debug_str     0x00000000      0x103 d:/tools/sdk/sdk_win_64/sdk_win_64/winavr/bin/../lib/gcc/avr/4.3.3/avr5\libgcc.a(_thenan_sf.o)
 .debug_str     0x0000025c       0x16 d:/tools/sdk/sdk_win_64/sdk_win_64/winavr/bin/../lib/gcc/avr/4.3.3/avr5\libgcc.a(_pack_sf.o)
                                0x19d (size before relaxing)
 .debug_str     0x00000272        0xb d:/tools/sdk/sdk_win_64/sdk_win_64/winavr/bin/../lib/gcc/avr/4.3.3/avr5\libgcc.a(_unpack_sf.o)
                                0x17f (size before relaxing)
 .debug_str     0x0000027d       0x10 d:/tools/sdk/sdk_win_64/sdk_win_64/winavr/bin/../lib/gcc/avr/4.3.3/avr5\libgcc.a(_fpcmp_parts_sf.o)
                                0x163 (size before relaxing)

.debug_loc      0x00000000      0x7ce
 *(.debug_loc)
 .debug_loc     0x00000000       0x34 d:/tools/sdk/sdk_win_64/sdk_win_64/winavr/bin/../lib/gcc/avr/4.3.3/avr5\libgcc.a(_fixunssfsi.o)
 .debug_loc     0x00000034      0x32a d:/tools/sdk/sdk_win_64/sdk_win_64/winavr/bin/../lib/gcc/avr/4.3.3/avr5\libgcc.a(_addsub_sf.o)
 .debug_loc     0x0000035e      0x104 d:/tools/sdk/sdk_win_64/sdk_win_64/winavr/bin/../lib/gcc/avr/4.3.3/avr5\libgcc.a(_mul_sf.o)
 .debug_loc     0x00000462       0x3c d:/tools/sdk/sdk_win_64/sdk_win_64/winavr/bin/../lib/gcc/avr/4.3.3/avr5\libgcc.a(_gt_sf.o)
 .debug_loc     0x0000049e       0x3c d:/tools/sdk/sdk_win_64/sdk_win_64/winavr/bin/../lib/gcc/avr/4.3.3/avr5\libgcc.a(_ge_sf.o)
 .debug_loc     0x000004da       0x3c d:/tools/sdk/sdk_win_64/sdk_win_64/winavr/bin/../lib/gcc/avr/4.3.3/avr5\libgcc.a(_lt_sf.o)
 .debug_loc     0x00000516       0x7e d:/tools/sdk/sdk_win_64/sdk_win_64/winavr/bin/../lib/gcc/avr/4.3.3/avr5\libgcc.a(_sf_to_si.o)
 .debug_loc     0x00000594      0x13e d:/tools/sdk/sdk_win_64/sdk_win_64/winavr/bin/../lib/gcc/avr/4.3.3/avr5\libgcc.a(_pack_sf.o)
 .debug_loc     0x000006d2       0xac d:/tools/sdk/sdk_win_64/sdk_win_64/winavr/bin/../lib/gcc/avr/4.3.3/avr5\libgcc.a(_unpack_sf.o)
 .debug_loc     0x0000077e       0x50 d:/tools/sdk/sdk_win_64/sdk_win_64/winavr/bin/../lib/gcc/avr/4.3.3/avr5\libgcc.a(_fpcmp_parts_sf.o)

.debug_macinfo
 *(.debug_macinfo)
OUTPUT(DashBoard.elf elf32-avr)
LOAD linker stubs

.debug_ranges   0x00000000       0x50
 .debug_ranges  0x00000000       0x50 d:/tools/sdk/sdk_win_64/sdk_win_64/winavr/bin/../lib/gcc/avr/4.3.3/avr5\libgcc.a(_mul_sf.o)
